// Jest Snapshot v1, https://goo.gl/fbAQLP

exports[`<Details /> matches snapshots 1`] = `
ShallowWrapper {
  Symbol(enzyme.__root__): [Circular],
  Symbol(enzyme.__unrendered__): <Details />,
  Symbol(enzyme.__renderer__): Object {
    "batchedUpdates": [Function],
    "checkPropTypes": [Function],
    "getNode": [Function],
    "render": [Function],
    "simulateError": [Function],
    "simulateEvent": [Function],
    "unmount": [Function],
  },
  Symbol(enzyme.__node__): Object {
    "instance": null,
    "key": undefined,
    "nodeType": "host",
    "props": Object {
      "children": <div
        className="pokemon-detail cardSelected"
      >
        <div
          className="image"
        >
          <img
            onError={[Function]}
            src="https://pokeres.bastionbot.org/images/pokemon/undefined.png"
          />
        </div>
        <div
          className="detail"
        >
          <h3>
            undefined:
             
            <span>
              NaNm
            </span>
          </h3>
          <h3>
            undefined:
             
            <span>
              NaNkg
            </span>
          </h3>
        </div>
      </div>,
      "className": "pokemon-detail-container",
    },
    "ref": null,
    "rendered": Object {
      "instance": null,
      "key": undefined,
      "nodeType": "host",
      "props": Object {
        "children": Array [
          <div
            className="image"
          >
            <img
              onError={[Function]}
              src="https://pokeres.bastionbot.org/images/pokemon/undefined.png"
            />
          </div>,
          <div
            className="detail"
          >
            <h3>
              undefined:
               
              <span>
                NaNm
              </span>
            </h3>
            <h3>
              undefined:
               
              <span>
                NaNkg
              </span>
            </h3>
          </div>,
        ],
        "className": "pokemon-detail cardSelected",
      },
      "ref": null,
      "rendered": Array [
        Object {
          "instance": null,
          "key": undefined,
          "nodeType": "host",
          "props": Object {
            "children": <img
              onError={[Function]}
              src="https://pokeres.bastionbot.org/images/pokemon/undefined.png"
            />,
            "className": "image",
          },
          "ref": null,
          "rendered": Object {
            "instance": null,
            "key": undefined,
            "nodeType": "host",
            "props": Object {
              "alt": undefined,
              "onError": [Function],
              "src": "https://pokeres.bastionbot.org/images/pokemon/undefined.png",
            },
            "ref": null,
            "rendered": null,
            "type": "img",
          },
          "type": "div",
        },
        Object {
          "instance": null,
          "key": undefined,
          "nodeType": "host",
          "props": Object {
            "children": Array [
              <h3>
                undefined:
                 
                <span>
                  NaNm
                </span>
              </h3>,
              <h3>
                undefined:
                 
                <span>
                  NaNkg
                </span>
              </h3>,
              undefined,
            ],
            "className": "detail",
          },
          "ref": null,
          "rendered": Array [
            Object {
              "instance": null,
              "key": undefined,
              "nodeType": "host",
              "props": Object {
                "children": Array [
                  "undefined:",
                  " ",
                  <span>
                    NaNm
                  </span>,
                ],
              },
              "ref": null,
              "rendered": Array [
                "undefined:",
                " ",
                Object {
                  "instance": null,
                  "key": undefined,
                  "nodeType": "host",
                  "props": Object {
                    "children": "NaNm",
                  },
                  "ref": null,
                  "rendered": "NaNm",
                  "type": "span",
                },
              ],
              "type": "h3",
            },
            Object {
              "instance": null,
              "key": undefined,
              "nodeType": "host",
              "props": Object {
                "children": Array [
                  "undefined:",
                  " ",
                  <span>
                    NaNkg
                  </span>,
                ],
              },
              "ref": null,
              "rendered": Array [
                "undefined:",
                " ",
                Object {
                  "instance": null,
                  "key": undefined,
                  "nodeType": "host",
                  "props": Object {
                    "children": "NaNkg",
                  },
                  "ref": null,
                  "rendered": "NaNkg",
                  "type": "span",
                },
              ],
              "type": "h3",
            },
            undefined,
          ],
          "type": "div",
        },
      ],
      "type": "div",
    },
    "type": "div",
  },
  Symbol(enzyme.__nodes__): Array [
    Object {
      "instance": null,
      "key": undefined,
      "nodeType": "host",
      "props": Object {
        "children": <div
          className="pokemon-detail cardSelected"
        >
          <div
            className="image"
          >
            <img
              onError={[Function]}
              src="https://pokeres.bastionbot.org/images/pokemon/undefined.png"
            />
          </div>
          <div
            className="detail"
          >
            <h3>
              undefined:
               
              <span>
                NaNm
              </span>
            </h3>
            <h3>
              undefined:
               
              <span>
                NaNkg
              </span>
            </h3>
          </div>
        </div>,
        "className": "pokemon-detail-container",
      },
      "ref": null,
      "rendered": Object {
        "instance": null,
        "key": undefined,
        "nodeType": "host",
        "props": Object {
          "children": Array [
            <div
              className="image"
            >
              <img
                onError={[Function]}
                src="https://pokeres.bastionbot.org/images/pokemon/undefined.png"
              />
            </div>,
            <div
              className="detail"
            >
              <h3>
                undefined:
                 
                <span>
                  NaNm
                </span>
              </h3>
              <h3>
                undefined:
                 
                <span>
                  NaNkg
                </span>
              </h3>
            </div>,
          ],
          "className": "pokemon-detail cardSelected",
        },
        "ref": null,
        "rendered": Array [
          Object {
            "instance": null,
            "key": undefined,
            "nodeType": "host",
            "props": Object {
              "children": <img
                onError={[Function]}
                src="https://pokeres.bastionbot.org/images/pokemon/undefined.png"
              />,
              "className": "image",
            },
            "ref": null,
            "rendered": Object {
              "instance": null,
              "key": undefined,
              "nodeType": "host",
              "props": Object {
                "alt": undefined,
                "onError": [Function],
                "src": "https://pokeres.bastionbot.org/images/pokemon/undefined.png",
              },
              "ref": null,
              "rendered": null,
              "type": "img",
            },
            "type": "div",
          },
          Object {
            "instance": null,
            "key": undefined,
            "nodeType": "host",
            "props": Object {
              "children": Array [
                <h3>
                  undefined:
                   
                  <span>
                    NaNm
                  </span>
                </h3>,
                <h3>
                  undefined:
                   
                  <span>
                    NaNkg
                  </span>
                </h3>,
                undefined,
              ],
              "className": "detail",
            },
            "ref": null,
            "rendered": Array [
              Object {
                "instance": null,
                "key": undefined,
                "nodeType": "host",
                "props": Object {
                  "children": Array [
                    "undefined:",
                    " ",
                    <span>
                      NaNm
                    </span>,
                  ],
                },
                "ref": null,
                "rendered": Array [
                  "undefined:",
                  " ",
                  Object {
                    "instance": null,
                    "key": undefined,
                    "nodeType": "host",
                    "props": Object {
                      "children": "NaNm",
                    },
                    "ref": null,
                    "rendered": "NaNm",
                    "type": "span",
                  },
                ],
                "type": "h3",
              },
              Object {
                "instance": null,
                "key": undefined,
                "nodeType": "host",
                "props": Object {
                  "children": Array [
                    "undefined:",
                    " ",
                    <span>
                      NaNkg
                    </span>,
                  ],
                },
                "ref": null,
                "rendered": Array [
                  "undefined:",
                  " ",
                  Object {
                    "instance": null,
                    "key": undefined,
                    "nodeType": "host",
                    "props": Object {
                      "children": "NaNkg",
                    },
                    "ref": null,
                    "rendered": "NaNkg",
                    "type": "span",
                  },
                ],
                "type": "h3",
              },
              undefined,
            ],
            "type": "div",
          },
        ],
        "type": "div",
      },
      "type": "div",
    },
  ],
  Symbol(enzyme.__options__): Object {
    "adapter": ReactSixteenAdapter {
      "options": Object {
        "enableComponentDidUpdateOnSetState": true,
        "legacyContextMode": "parent",
        "lifecycles": Object {
          "componentDidUpdate": Object {
            "onSetState": true,
          },
          "getChildContext": Object {
            "calledByRenderer": false,
          },
          "getDerivedStateFromError": true,
          "getDerivedStateFromProps": Object {
            "hasShouldComponentUpdateBug": false,
          },
          "getSnapshotBeforeUpdate": true,
          "setState": Object {
            "skipsComponentDidUpdateOnNullish": true,
          },
        },
      },
    },
    Symbol(enzyme.__providerValues__): undefined,
  },
  Symbol(enzyme.__providerValues__): Map {},
}
`;
